
> react-kavia@0.1.0 start
> react-scripts start

(node:11311) [DEP_WEBPACK_DEV_SERVER_ON_AFTER_SETUP_MIDDLEWARE] DeprecationWarning: 'onAfterSetupMiddleware' option is deprecated. Please use the 'setupMiddlewares' option.
(Use `node --trace-deprecation ...` to show where the warning was created)
(node:11311) [DEP_WEBPACK_DEV_SERVER_ON_BEFORE_SETUP_MIDDLEWARE] DeprecationWarning: 'onBeforeSetupMiddleware' option is deprecated. Please use the 'setupMiddlewares' option.
Starting the development server...

Compiled successfully!

You can now view react-kavia in the browser.

  Local:            http://localhost:3000
  On Your Network:  http://172.17.0.2:3000

Note that the development build is not optimized.
To create a production build, use npm run build.

webpack compiled successfully
Compiling...
Compiled with warnings.

[eslint] 
src/TyreBrandDetail.js
  Line 6:8:  'LeafletStoreLocator' is defined but never used  no-unused-vars

Search for the keywords to learn more about each warning.
To ignore, add // eslint-disable-next-line to the line before.

WARNING in [eslint] 
src/TyreBrandDetail.js
  Line 6:8:  'LeafletStoreLocator' is defined but never used  no-unused-vars

webpack compiled with 1 warning
Compiling...
Failed to compile.

[eslint] 
src/TyreBrandDetail.js
Syntax error: Unterminated JSX contents. (556:10) (556:10)
ERROR in ./src/TyreBrandDetail.js
Module build failed (from ./node_modules/babel-loader/lib/index.js):
SyntaxError: /home/kavia/workspace/code-generation/tyresense-30870-e7fe01c3/tyresense_frontend/src/TyreBrandDetail.js: Unterminated JSX contents. (556:10)

  554 |         </div>
  555 |       </section>
> 556 |     </div>
      |           ^
  557 |   );
  558 | }
  559 |
    at constructor (/home/kavia/workspace/code-generation/tyresense-30870-e7fe01c3/tyresense_frontend/node_modules/@babel/parser/lib/index.js:360:19)
    at FlowParserMixin.raise (/home/kavia/workspace/code-generation/tyresense-30870-e7fe01c3/tyresense_frontend/node_modules/@babel/parser/lib/index.js:3327:19)
    at FlowParserMixin.jsxReadToken (/home/kavia/workspace/code-generation/tyresense-30870-e7fe01c3/tyresense_frontend/node_modules/@babel/parser/lib/index.js:6621:20)
    at FlowParserMixin.getTokenFromCode (/home/kavia/workspace/code-generation/tyresense-30870-e7fe01c3/tyresense_frontend/node_modules/@babel/parser/lib/index.js:6947:12)
    at FlowParserMixin.getTokenFromCode (/home/kavia/workspace/code-generation/tyresense-30870-e7fe01c3/tyresense_frontend/node_modules/@babel/parser/lib/index.js:5419:13)
    at FlowParserMixin.nextToken (/home/kavia/workspace/code-generation/tyresense-30870-e7fe01c3/tyresense_frontend/node_modules/@babel/parser/lib/index.js:2510:10)
    at FlowParserMixin.next (/home/kavia/workspace/code-generation/tyresense-30870-e7fe01c3/tyresense_frontend/node_modules/@babel/parser/lib/index.js:2423:10)
    at FlowParserMixin.eat (/home/kavia/workspace/code-generation/tyresense-30870-e7fe01c3/tyresense_frontend/node_modules/@babel/parser/lib/index.js:2427:12)
    at FlowParserMixin.expect (/home/kavia/workspace/code-generation/tyresense-30870-e7fe01c3/tyresense_frontend/node_modules/@babel/parser/lib/index.js:3656:15)
    at FlowParserMixin.jsxParseClosingElementAt (/home/kavia/workspace/code-generation/tyresense-30870-e7fe01c3/tyresense_frontend/node_modules/@babel/parser/lib/index.js:6853:10)
    at FlowParserMixin.jsxParseElementAt (/home/kavia/workspace/code-generation/tyresense-30870-e7fe01c3/tyresense_frontend/node_modules/@babel/parser/lib/index.js:6868:37)
    at FlowParserMixin.jsxParseElementAt (/home/kavia/workspace/code-generation/tyresense-30870-e7fe01c3/tyresense_frontend/node_modules/@babel/parser/lib/index.js:6871:32)
    at FlowParserMixin.jsxParseElement (/home/kavia/workspace/code-generation/tyresense-30870-e7fe01c3/tyresense_frontend/node_modules/@babel/parser/lib/index.js:6922:17)
    at FlowParserMixin.parseExprAtom (/home/kavia/workspace/code-generation/tyresense-30870-e7fe01c3/tyresense_frontend/node_modules/@babel/parser/lib/index.js:6932:19)
    at FlowParserMixin.parseExprSubscripts (/home/kavia/workspace/code-generation/tyresense-30870-e7fe01c3/tyresense_frontend/node_modules/@babel/parser/lib/index.js:10758:23)
    at FlowParserMixin.parseUpdate (/home/kavia/workspace/code-generation/tyresense-30870-e7fe01c3/tyresense_frontend/node_modules/@babel/parser/lib/index.js:10743:21)
    at FlowParserMixin.parseMaybeUnary (/home/kavia/workspace/code-generation/tyresense-30870-e7fe01c3/tyresense_frontend/node_modules/@babel/parser/lib/index.js:10723:23)
    at FlowParserMixin.parseMaybeUnaryOrPrivate (/home/kavia/workspace/code-generation/tyresense-30870-e7fe01c3/tyresense_frontend/node_modules/@babel/parser/lib/index.js:10576:61)
    at FlowParserMixin.parseExprOps (/home/kavia/workspace/code-generation/tyresense-30870-e7fe01c3/tyresense_frontend/node_modules/@babel/parser/lib/index.js:10581:23)
    at FlowParserMixin.parseMaybeConditional (/home/kavia/workspace/code-generation/tyresense-30870-e7fe01c3/tyresense_frontend/node_modules/@babel/parser/lib/index.js:10558:23)
    at FlowParserMixin.parseMaybeAssign (/home/kavia/workspace/code-generation/tyresense-30870-e7fe01c3/tyresense_frontend/node_modules/@babel/parser/lib/index.js:10521:21)
    at /home/kavia/workspace/code-generation/tyresense-30870-e7fe01c3/tyresense_frontend/node_modules/@babel/parser/lib/index.js:5722:39
    at FlowParserMixin.tryParse (/home/kavia/workspace/code-generation/tyresense-30870-e7fe01c3/tyresense_frontend/node_modules/@babel/parser/lib/index.js:3665:20)
    at FlowParserMixin.parseMaybeAssign (/home/kavia/workspace/code-generation/tyresense-30870-e7fe01c3/tyresense_frontend/node_modules/@babel/parser/lib/index.js:5722:18)
    at /home/kavia/workspace/code-generation/tyresense-30870-e7fe01c3/tyresense_frontend/node_modules/@babel/parser/lib/index.js:10491:39
    at FlowParserMixin.allowInAnd (/home/kavia/workspace/code-generation/tyresense-30870-e7fe01c3/tyresense_frontend/node_modules/@babel/parser/lib/index.js:12100:12)
    at FlowParserMixin.parseMaybeAssignAllowIn (/home/kavia/workspace/code-generation/tyresense-30870-e7fe01c3/tyresense_frontend/node_modules/@babel/parser/lib/index.js:10491:17)
    at FlowParserMixin.parseParenAndDistinguishExpression (/home/kavia/workspace/code-generation/tyresense-30870-e7fe01c3/tyresense_frontend/node_modules/@babel/parser/lib/index.js:11359:28)
    at FlowParserMixin.parseParenAndDistinguishExpression (/home/kavia/workspace/code-generation/tyresense-30870-e7fe01c3/tyresense_frontend/node_modules/@babel/parser/lib/index.js:5815:18)
    at FlowParserMixin.parseExprAtom (/home/kavia/workspace/code-generation/tyresense-30870-e7fe01c3/tyresense_frontend/node_modules/@babel/parser/lib/index.js:11006:23)
    at FlowParserMixin.parseExprAtom (/home/kavia/workspace/code-generation/tyresense-30870-e7fe01c3/tyresense_frontend/node_modules/@babel/parser/lib/index.js:6937:20)
    at FlowParserMixin.parseExprSubscripts (/home/kavia/workspace/code-generation/tyresense-30870-e7fe01c3/tyresense_frontend/node_modules/@babel/parser/lib/index.js:10758:23)
    at FlowParserMixin.parseUpdate (/home/kavia/workspace/code-generation/tyresense-30870-e7fe01c3/tyresense_frontend/node_modules/@babel/parser/lib/index.js:10743:21)
    at FlowParserMixin.parseMaybeUnary (/home/kavia/workspace/code-generation/tyresense-30870-e7fe01c3/tyresense_frontend/node_modules/@babel/parser/lib/index.js:10723:23)
    at FlowParserMixin.parseMaybeUnaryOrPrivate (/home/kavia/workspace/code-generation/tyresense-30870-e7fe01c3/tyresense_frontend/node_modules/@babel/parser/lib/index.js:10576:61)
    at FlowParserMixin.parseExprOps (/home/kavia/workspace/code-generation/tyresense-30870-e7fe01c3/tyresense_frontend/node_modules/@babel/parser/lib/index.js:10581:23)
    at FlowParserMixin.parseMaybeConditional (/home/kavia/workspace/code-generation/tyresense-30870-e7fe01c3/tyresense_frontend/node_modules/@babel/parser/lib/index.js:10558:23)
    at FlowParserMixin.parseMaybeAssign (/home/kavia/workspace/code-generation/tyresense-30870-e7fe01c3/tyresense_frontend/node_modules/@babel/parser/lib/index.js:10521:21)
    at FlowParserMixin.parseMaybeAssign (/home/kavia/workspace/code-generation/tyresense-30870-e7fe01c3/tyresense_frontend/node_modules/@babel/parser/lib/index.js:5773:18)
    at FlowParserMixin.parseExpressionBase (/home/kavia/workspace/code-generation/tyresense-30870-e7fe01c3/tyresense_frontend/node_modules/@babel/parser/lib/index.js:10475:23)
    at /home/kavia/workspace/code-generation/tyresense-30870-e7fe01c3/tyresense_frontend/node_modules/@babel/parser/lib/index.js:10471:39
    at FlowParserMixin.allowInAnd (/home/kavia/workspace/code-generation/tyresense-30870-e7fe01c3/tyresense_frontend/node_modules/@babel/parser/lib/index.js:12095:16)
    at FlowParserMixin.parseExpression (/home/kavia/workspace/code-generation/tyresense-30870-e7fe01c3/tyresense_frontend/node_modules/@babel/parser/lib/index.js:10471:17)
    at FlowParserMixin.parseReturnStatement (/home/kavia/workspace/code-generation/tyresense-30870-e7fe01c3/tyresense_frontend/node_modules/@babel/parser/lib/index.js:12786:28)
    at FlowParserMixin.parseStatementContent (/home/kavia/workspace/code-generation/tyresense-30870-e7fe01c3/tyresense_frontend/node_modules/@babel/parser/lib/index.js:12437:21)
    at FlowParserMixin.parseStatementLike (/home/kavia/workspace/code-generation/tyresense-30870-e7fe01c3/tyresense_frontend/node_modules/@babel/parser/lib/index.js:12406:17)
    at FlowParserMixin.parseStatementLike (/home/kavia/workspace/code-generation/tyresense-30870-e7fe01c3/tyresense_frontend/node_modules/@babel/parser/lib/index.js:5140:24)
    at FlowParserMixin.parseStatementListItem (/home/kavia/workspace/code-generation/tyresense-30870-e7fe01c3/tyresense_frontend/node_modules/@babel/parser/lib/index.js:12386:17)
    at FlowParserMixin.parseBlockOrModuleBlockBody (/home/kavia/workspace/code-generation/tyresense-30870-e7fe01c3/tyresense_frontend/node_modules/@babel/parser/lib/index.js:12960:61)
    at FlowParserMixin.parseBlockBody (/home/kavia/workspace/code-generation/tyresense-30870-e7fe01c3/tyresense_frontend/node_modules/@babel/parser/lib/index.js:12953:10)

ERROR in [eslint] 
src/TyreBrandDetail.js
  Line 556:10:  Parsing error: Unterminated JSX contents. (556:10)

webpack compiled with 2 errors
Compiling...
Failed to compile.

[eslint] 
src/TyreBrandDetail.js
Syntax error: Unterminated JSX contents. (556:10) (556:10)
ERROR in ./src/TyreBrandDetail.js
Module build failed (from ./node_modules/babel-loader/lib/index.js):
SyntaxError: /home/kavia/workspace/code-generation/tyresense-30870-e7fe01c3/tyresense_frontend/src/TyreBrandDetail.js: Unterminated JSX contents. (556:10)

  554 |         </div>
  555 |       </section>
> 556 |     </div>
      |           ^
  557 |   );
  558 | }
  559 |
    at constructor (/home/kavia/workspace/code-generation/tyresense-30870-e7fe01c3/tyresense_frontend/node_modules/@babel/parser/lib/index.js:360:19)
    at FlowParserMixin.raise (/home/kavia/workspace/code-generation/tyresense-30870-e7fe01c3/tyresense_frontend/node_modules/@babel/parser/lib/index.js:3327:19)
    at FlowParserMixin.jsxReadToken (/home/kavia/workspace/code-generation/tyresense-30870-e7fe01c3/tyresense_frontend/node_modules/@babel/parser/lib/index.js:6621:20)
    at FlowParserMixin.getTokenFromCode (/home/kavia/workspace/code-generation/tyresense-30870-e7fe01c3/tyresense_frontend/node_modules/@babel/parser/lib/index.js:6947:12)
    at FlowParserMixin.getTokenFromCode (/home/kavia/workspace/code-generation/tyresense-30870-e7fe01c3/tyresense_frontend/node_modules/@babel/parser/lib/index.js:5419:13)
    at FlowParserMixin.nextToken (/home/kavia/workspace/code-generation/tyresense-30870-e7fe01c3/tyresense_frontend/node_modules/@babel/parser/lib/index.js:2510:10)
    at FlowParserMixin.next (/home/kavia/workspace/code-generation/tyresense-30870-e7fe01c3/tyresense_frontend/node_modules/@babel/parser/lib/index.js:2423:10)
    at FlowParserMixin.eat (/home/kavia/workspace/code-generation/tyresense-30870-e7fe01c3/tyresense_frontend/node_modules/@babel/parser/lib/index.js:2427:12)
    at FlowParserMixin.expect (/home/kavia/workspace/code-generation/tyresense-30870-e7fe01c3/tyresense_frontend/node_modules/@babel/parser/lib/index.js:3656:15)
    at FlowParserMixin.jsxParseClosingElementAt (/home/kavia/workspace/code-generation/tyresense-30870-e7fe01c3/tyresense_frontend/node_modules/@babel/parser/lib/index.js:6853:10)
    at FlowParserMixin.jsxParseElementAt (/home/kavia/workspace/code-generation/tyresense-30870-e7fe01c3/tyresense_frontend/node_modules/@babel/parser/lib/index.js:6868:37)
    at FlowParserMixin.jsxParseElementAt (/home/kavia/workspace/code-generation/tyresense-30870-e7fe01c3/tyresense_frontend/node_modules/@babel/parser/lib/index.js:6871:32)
    at FlowParserMixin.jsxParseElement (/home/kavia/workspace/code-generation/tyresense-30870-e7fe01c3/tyresense_frontend/node_modules/@babel/parser/lib/index.js:6922:17)
    at FlowParserMixin.parseExprAtom (/home/kavia/workspace/code-generation/tyresense-30870-e7fe01c3/tyresense_frontend/node_modules/@babel/parser/lib/index.js:6932:19)
    at FlowParserMixin.parseExprSubscripts (/home/kavia/workspace/code-generation/tyresense-30870-e7fe01c3/tyresense_frontend/node_modules/@babel/parser/lib/index.js:10758:23)
    at FlowParserMixin.parseUpdate (/home/kavia/workspace/code-generation/tyresense-30870-e7fe01c3/tyresense_frontend/node_modules/@babel/parser/lib/index.js:10743:21)
    at FlowParserMixin.parseMaybeUnary (/home/kavia/workspace/code-generation/tyresense-30870-e7fe01c3/tyresense_frontend/node_modules/@babel/parser/lib/index.js:10723:23)
    at FlowParserMixin.parseMaybeUnaryOrPrivate (/home/kavia/workspace/code-generation/tyresense-30870-e7fe01c3/tyresense_frontend/node_modules/@babel/parser/lib/index.js:10576:61)
    at FlowParserMixin.parseExprOps (/home/kavia/workspace/code-generation/tyresense-30870-e7fe01c3/tyresense_frontend/node_modules/@babel/parser/lib/index.js:10581:23)
    at FlowParserMixin.parseMaybeConditional (/home/kavia/workspace/code-generation/tyresense-30870-e7fe01c3/tyresense_frontend/node_modules/@babel/parser/lib/index.js:10558:23)
    at FlowParserMixin.parseMaybeAssign (/home/kavia/workspace/code-generation/tyresense-30870-e7fe01c3/tyresense_frontend/node_modules/@babel/parser/lib/index.js:10521:21)
    at /home/kavia/workspace/code-generation/tyresense-30870-e7fe01c3/tyresense_frontend/node_modules/@babel/parser/lib/index.js:5722:39
    at FlowParserMixin.tryParse (/home/kavia/workspace/code-generation/tyresense-30870-e7fe01c3/tyresense_frontend/node_modules/@babel/parser/lib/index.js:3665:20)
    at FlowParserMixin.parseMaybeAssign (/home/kavia/workspace/code-generation/tyresense-30870-e7fe01c3/tyresense_frontend/node_modules/@babel/parser/lib/index.js:5722:18)
    at /home/kavia/workspace/code-generation/tyresense-30870-e7fe01c3/tyresense_frontend/node_modules/@babel/parser/lib/index.js:10491:39
    at FlowParserMixin.allowInAnd (/home/kavia/workspace/code-generation/tyresense-30870-e7fe01c3/tyresense_frontend/node_modules/@babel/parser/lib/index.js:12100:12)
    at FlowParserMixin.parseMaybeAssignAllowIn (/home/kavia/workspace/code-generation/tyresense-30870-e7fe01c3/tyresense_frontend/node_modules/@babel/parser/lib/index.js:10491:17)
    at FlowParserMixin.parseParenAndDistinguishExpression (/home/kavia/workspace/code-generation/tyresense-30870-e7fe01c3/tyresense_frontend/node_modules/@babel/parser/lib/index.js:11359:28)
    at FlowParserMixin.parseParenAndDistinguishExpression (/home/kavia/workspace/code-generation/tyresense-30870-e7fe01c3/tyresense_frontend/node_modules/@babel/parser/lib/index.js:5815:18)
    at FlowParserMixin.parseExprAtom (/home/kavia/workspace/code-generation/tyresense-30870-e7fe01c3/tyresense_frontend/node_modules/@babel/parser/lib/index.js:11006:23)
    at FlowParserMixin.parseExprAtom (/home/kavia/workspace/code-generation/tyresense-30870-e7fe01c3/tyresense_frontend/node_modules/@babel/parser/lib/index.js:6937:20)
    at FlowParserMixin.parseExprSubscripts (/home/kavia/workspace/code-generation/tyresense-30870-e7fe01c3/tyresense_frontend/node_modules/@babel/parser/lib/index.js:10758:23)
    at FlowParserMixin.parseUpdate (/home/kavia/workspace/code-generation/tyresense-30870-e7fe01c3/tyresense_frontend/node_modules/@babel/parser/lib/index.js:10743:21)
    at FlowParserMixin.parseMaybeUnary (/home/kavia/workspace/code-generation/tyresense-30870-e7fe01c3/tyresense_frontend/node_modules/@babel/parser/lib/index.js:10723:23)
    at FlowParserMixin.parseMaybeUnaryOrPrivate (/home/kavia/workspace/code-generation/tyresense-30870-e7fe01c3/tyresense_frontend/node_modules/@babel/parser/lib/index.js:10576:61)
    at FlowParserMixin.parseExprOps (/home/kavia/workspace/code-generation/tyresense-30870-e7fe01c3/tyresense_frontend/node_modules/@babel/parser/lib/index.js:10581:23)
    at FlowParserMixin.parseMaybeConditional (/home/kavia/workspace/code-generation/tyresense-30870-e7fe01c3/tyresense_frontend/node_modules/@babel/parser/lib/index.js:10558:23)
    at FlowParserMixin.parseMaybeAssign (/home/kavia/workspace/code-generation/tyresense-30870-e7fe01c3/tyresense_frontend/node_modules/@babel/parser/lib/index.js:10521:21)
    at FlowParserMixin.parseMaybeAssign (/home/kavia/workspace/code-generation/tyresense-30870-e7fe01c3/tyresense_frontend/node_modules/@babel/parser/lib/index.js:5773:18)
    at FlowParserMixin.parseExpressionBase (/home/kavia/workspace/code-generation/tyresense-30870-e7fe01c3/tyresense_frontend/node_modules/@babel/parser/lib/index.js:10475:23)
    at /home/kavia/workspace/code-generation/tyresense-30870-e7fe01c3/tyresense_frontend/node_modules/@babel/parser/lib/index.js:10471:39
    at FlowParserMixin.allowInAnd (/home/kavia/workspace/code-generation/tyresense-30870-e7fe01c3/tyresense_frontend/node_modules/@babel/parser/lib/index.js:12095:16)
    at FlowParserMixin.parseExpression (/home/kavia/workspace/code-generation/tyresense-30870-e7fe01c3/tyresense_frontend/node_modules/@babel/parser/lib/index.js:10471:17)
    at FlowParserMixin.parseReturnStatement (/home/kavia/workspace/code-generation/tyresense-30870-e7fe01c3/tyresense_frontend/node_modules/@babel/parser/lib/index.js:12786:28)
    at FlowParserMixin.parseStatementContent (/home/kavia/workspace/code-generation/tyresense-30870-e7fe01c3/tyresense_frontend/node_modules/@babel/parser/lib/index.js:12437:21)
    at FlowParserMixin.parseStatementLike (/home/kavia/workspace/code-generation/tyresense-30870-e7fe01c3/tyresense_frontend/node_modules/@babel/parser/lib/index.js:12406:17)
    at FlowParserMixin.parseStatementLike (/home/kavia/workspace/code-generation/tyresense-30870-e7fe01c3/tyresense_frontend/node_modules/@babel/parser/lib/index.js:5140:24)
    at FlowParserMixin.parseStatementListItem (/home/kavia/workspace/code-generation/tyresense-30870-e7fe01c3/tyresense_frontend/node_modules/@babel/parser/lib/index.js:12386:17)
    at FlowParserMixin.parseBlockOrModuleBlockBody (/home/kavia/workspace/code-generation/tyresense-30870-e7fe01c3/tyresense_frontend/node_modules/@babel/parser/lib/index.js:12960:61)
    at FlowParserMixin.parseBlockBody (/home/kavia/workspace/code-generation/tyresense-30870-e7fe01c3/tyresense_frontend/node_modules/@babel/parser/lib/index.js:12953:10)

ERROR in [eslint] 
src/TyreBrandDetail.js
  Line 556:10:  Parsing error: Unterminated JSX contents. (556:10)

webpack compiled with 2 errors
Compiling...
Compiled successfully!
webpack compiled successfully
